// Jest Snapshot v1, https://goo.gl/fbAQLP

exports[`Home page should matches snapshot 1`] = `
<DocumentFragment>
  <div
    class="spinner-border"
    role="status"
  >
    <span
      class="sr-only"
    >
      Loading...
    </span>
  </div>
</DocumentFragment>
`;
