// Jest Snapshot v1, https://goo.gl/fbAQLP

exports[`Component => Header matches snapshot 1`] = `
<DocumentFragment>
  <header>
    <nav
      class="navbar navbar-expand-md navbar-dark fixed-top bg-dark"
    >
      <a
        class="navbar-brand"
        data-testid="top-nav-brand"
        href="/"
      >
        Next.js Boilerplate
      </a>
      <div
        class="collapse navbar-collapse"
      >
        <ul
          class="navbar-nav mr-auto"
        >
          <li
            class="nav-item active"
          >
            <a
              class="nav-link"
              data-testid="top-nav-home"
              href="/"
            >
              Home
            </a>
          </li>
          <li
            class="nav-item"
          >
            <a
              class="nav-link"
              data-testid="top-nav-about"
              href="/about"
            >
              About
            </a>
          </li>
          <li
            class="nav-item"
          >
            <a
              class="nav-link"
              data-testid="top-nav-contact"
              href="/contact"
            >
              Contact
            </a>
          </li>
        </ul>
      </div>
    </nav>
  </header>
</DocumentFragment>
`;
